======================================================================
prediction run: experiments\predict_20260913_233527
{
  "run_name": "predict_20260913_233527",
  "start_time": "2026-09-13 23:35:27",
  "topk": 20,
  "student_n": 17740,
  "exer_n": 8978,
  "knowledge_n": 281,
  "git_commit": "32d26c703120f923ed7942c169331091620e3a76",
  "git_dirty": true,
  "python": "3.12.13",
  "torch": "2.5.1+cu121"
}
======================================================================
testing model snapshots: tag=run_20260913_182730 epochs=[29, 30]
loading data/Eedi/test_set.json ...
loaded 17740 test groups
testing model...
E:\UECD\predict.py:224: FutureWarning: You are using `torch.load` with `weights_only=False` (the current default value), which uses the default pickle module implicitly. It is possible to construct malicious pickle data which will execute arbitrary code during unpickling (See https://github.com/pytorch/pytorch/blob/main/SECURITY.md#untrusted-models for more details). In a future release, the default value for `weights_only` will be flipped to `True`. This limits the functions that could be executed during unpickling. Arbitrary objects will no longer be allowed to be loaded via this mode unless they are explicitly allowlisted by the user via `torch.serialization.add_safe_globals`. We recommend you start setting `weights_only=True` for any use case where you don't have full control of the loaded file. Please open an issue on GitHub for any issues related to this experimental feature.
  model.load_state_dict(torch.load(f, map_location=lambda s, loc: s))
epoch= 29, accuracy= 0.631152, rmse= 0.551207, auc= 0.643559
E:\UECD\predict.py:224: FutureWarning: You are using `torch.load` with `weights_only=False` (the current default value), which uses the default pickle module implicitly. It is possible to construct malicious pickle data which will execute arbitrary code during unpickling (See https://github.com/pytorch/pytorch/blob/main/SECURITY.md#untrusted-models for more details). In a future release, the default value for `weights_only` will be flipped to `True`. This limits the functions that could be executed during unpickling. Arbitrary objects will no longer be allowed to be loaded via this mode unless they are explicitly allowlisted by the user via `torch.serialization.add_safe_globals`. We recommend you start setting `weights_only=True` for any use case where you don't have full control of the loaded file. Please open an issue on GitHub for any issues related to this experimental feature.
  model.load_state_dict(torch.load(f, map_location=lambda s, loc: s))
epoch= 30, accuracy= 0.631061, rmse= 0.553130, auc= 0.642776
best test accuracy: 0.631152 @ epoch 29
best test auc:      0.643559 @ epoch 29
summary written to experiments\predict_20260913_233527\summary.txt
