======================================================================
experiment run: experiments\run_20260912_232735
{
  "run_name": "run_20260912_232735",
  "start_time": "2026-09-12 23:27:35",
  "device": "cuda:0",
  "seed": 2024,
  "epochs": 60,
  "batch_size": 256,
  "topk": 20,
  "lr": 0.001,
  "student_n": 17740,
  "exer_n": 8978,
  "knowledge_n": 281,
  "git_commit": "32d26c703120f923ed7942c169331091620e3a76",
  "git_dirty": true,
  "python": "3.12.13",
  "torch": "2.5.1+cu121",
  "cuda_available": true,
  "cuda_device": "NVIDIA GeForce RTX 4070 Ti"
}
======================================================================
training model...
loading data/overfit_val_small.json  ...
loaded 200 validation groups
validating model...
epoch= 1, accuracy= 0.642358, rmse= 0.597907, auc= 0.500000
[Epoch 1] time 2.13s (avg 2.13s, total 0.0min) | train_loss 10.655100 | val acc 0.642358 rmse 0.597907 auc 0.500000
loading data/overfit_val_small.json  ...
loaded 200 validation groups
validating model...
epoch= 2, accuracy= 0.642358, rmse= 0.597828, auc= 0.503940
[Epoch 2] time 1.56s (avg 1.84s, total 0.1min) | train_loss 3.080845 | val acc 0.642358 rmse 0.597828 auc 0.503940
loading data/overfit_val_small.json  ...
loaded 200 validation groups
validating model...
epoch= 3, accuracy= 0.642358, rmse= 0.597701, auc= 0.513463
[Epoch 3] time 1.56s (avg 1.75s, total 0.1min) | train_loss 2.895324 | val acc 0.642358 rmse 0.597701 auc 0.513463
loading data/overfit_val_small.json  ...
loaded 200 validation groups
validating model...
epoch= 4, accuracy= 0.642358, rmse= 0.597495, auc= 0.514703
[Epoch 4] time 1.52s (avg 1.69s, total 0.1min) | train_loss 2.760121 | val acc 0.642358 rmse 0.597495 auc 0.514703
loading data/overfit_val_small.json  ...
loaded 200 validation groups
validating model...
epoch= 5, accuracy= 0.642358, rmse= 0.597145, auc= 0.521084
[Epoch 5] time 1.65s (avg 1.68s, total 0.1min) | train_loss 2.540501 | val acc 0.642358 rmse 0.597145 auc 0.521084
loading data/overfit_val_small.json  ...
loaded 200 validation groups
validating model...
epoch= 6, accuracy= 0.642358, rmse= 0.596551, auc= 0.530346
[Epoch 6] time 1.63s (avg 1.67s, total 0.2min) | train_loss 2.347765 | val acc 0.642358 rmse 0.596551 auc 0.530346
loading data/overfit_val_small.json  ...
loaded 200 validation groups
validating model...
epoch= 7, accuracy= 0.642358, rmse= 0.595534, auc= 0.530350
[Epoch 7] time 1.55s (avg 1.66s, total 0.2min) | train_loss 2.158808 | val acc 0.642358 rmse 0.595534 auc 0.530350
loading data/overfit_val_small.json  ...
loaded 200 validation groups
validating model...
epoch= 8, accuracy= 0.642358, rmse= 0.593846, auc= 0.536248
[Epoch 8] time 1.60s (avg 1.65s, total 0.2min) | train_loss 1.949264 | val acc 0.642358 rmse 0.593846 auc 0.536248
loading data/overfit_val_small.json  ...
loaded 200 validation groups
validating model...
epoch= 9, accuracy= 0.642358, rmse= 0.591079, auc= 0.540861
[Epoch 9] time 1.65s (avg 1.65s, total 0.2min) | train_loss 1.788044 | val acc 0.642358 rmse 0.591079 auc 0.540861
loading data/overfit_val_small.json  ...
loaded 200 validation groups
validating model...
epoch= 10, accuracy= 0.642358, rmse= 0.586900, auc= 0.541276
[Epoch 10] time 1.57s (avg 1.64s, total 0.3min) | train_loss 1.575413 | val acc 0.642358 rmse 0.586900 auc 0.541276
loading data/overfit_val_small.json  ...
loaded 200 validation groups
validating model...
epoch= 11, accuracy= 0.642358, rmse= 0.580949, auc= 0.544252
[Epoch 11] time 1.55s (avg 1.63s, total 0.3min) | train_loss 1.426806 | val acc 0.642358 rmse 0.580949 auc 0.544252
loading data/overfit_val_small.json  ...
loaded 200 validation groups
validating model...
epoch= 12, accuracy= 0.642358, rmse= 0.573262, auc= 0.547540
[Epoch 12] time 1.59s (avg 1.63s, total 0.3min) | train_loss 1.289675 | val acc 0.642358 rmse 0.573262 auc 0.547540
loading data/overfit_val_small.json  ...
loaded 200 validation groups
validating model...
epoch= 13, accuracy= 0.642358, rmse= 0.564219, auc= 0.548446
[Epoch 13] time 1.58s (avg 1.63s, total 0.4min) | train_loss 1.173453 | val acc 0.642358 rmse 0.564219 auc 0.548446
loading data/overfit_val_small.json  ...
loaded 200 validation groups
validating model...
epoch= 14, accuracy= 0.642358, rmse= 0.554580, auc= 0.549867
[Epoch 14] time 1.57s (avg 1.62s, total 0.4min) | train_loss 1.060297 | val acc 0.642358 rmse 0.554580 auc 0.549867
loading data/overfit_val_small.json  ...
loaded 200 validation groups
validating model...
epoch= 15, accuracy= 0.642358, rmse= 0.545134, auc= 0.550286
[Epoch 15] time 1.61s (avg 1.62s, total 0.4min) | train_loss 0.963811 | val acc 0.642358 rmse 0.545134 auc 0.550286
loading data/overfit_val_small.json  ...
loaded 200 validation groups
validating model...
epoch= 16, accuracy= 0.642358, rmse= 0.536431, auc= 0.550675
[Epoch 16] time 1.62s (avg 1.62s, total 0.4min) | train_loss 0.915718 | val acc 0.642358 rmse 0.536431 auc 0.550675
loading data/overfit_val_small.json  ...
loaded 200 validation groups
validating model...
epoch= 17, accuracy= 0.642358, rmse= 0.528732, auc= 0.549571
[Epoch 17] time 1.65s (avg 1.62s, total 0.5min) | train_loss 0.866000 | val acc 0.642358 rmse 0.528732 auc 0.549571
loading data/overfit_val_small.json  ...
loaded 200 validation groups
validating model...
epoch= 18, accuracy= 0.642358, rmse= 0.522126, auc= 0.548522
[Epoch 18] time 1.75s (avg 1.63s, total 0.5min) | train_loss 0.830890 | val acc 0.642358 rmse 0.522126 auc 0.548522
loading data/overfit_val_small.json  ...
loaded 200 validation groups
validating model...
epoch= 19, accuracy= 0.642358, rmse= 0.516418, auc= 0.547538
[Epoch 19] time 1.66s (avg 1.63s, total 0.5min) | train_loss 0.803802 | val acc 0.642358 rmse 0.516418 auc 0.547538
loading data/overfit_val_small.json  ...
loaded 200 validation groups
validating model...
epoch= 20, accuracy= 0.642358, rmse= 0.511430, auc= 0.547747
[Epoch 20] time 1.72s (avg 1.64s, total 0.5min) | train_loss 0.776487 | val acc 0.642358 rmse 0.511430 auc 0.547747
loading data/overfit_val_small.json  ...
loaded 200 validation groups
validating model...
epoch= 21, accuracy= 0.642358, rmse= 0.507072, auc= 0.546428
[Epoch 21] time 1.62s (avg 1.64s, total 0.6min) | train_loss 0.760932 | val acc 0.642358 rmse 0.507072 auc 0.546428
loading data/overfit_val_small.json  ...
loaded 200 validation groups
validating model...
epoch= 22, accuracy= 0.642358, rmse= 0.503327, auc= 0.544552
[Epoch 22] time 1.70s (avg 1.64s, total 0.6min) | train_loss 0.752844 | val acc 0.642358 rmse 0.503327 auc 0.544552
loading data/overfit_val_small.json  ...
loaded 200 validation groups
validating model...
epoch= 23, accuracy= 0.642358, rmse= 0.500090, auc= 0.540475
[Epoch 23] time 1.72s (avg 1.64s, total 0.6min) | train_loss 0.732708 | val acc 0.642358 rmse 0.500090 auc 0.540475
loading data/overfit_val_small.json  ...
loaded 200 validation groups
validating model...
epoch= 24, accuracy= 0.642358, rmse= 0.497329, auc= 0.537405
[Epoch 24] time 1.65s (avg 1.64s, total 0.7min) | train_loss 0.721329 | val acc 0.642358 rmse 0.497329 auc 0.537405
loading data/overfit_val_small.json  ...
loaded 200 validation groups
validating model...
epoch= 25, accuracy= 0.642358, rmse= 0.494977, auc= 0.533960
[Epoch 25] time 1.70s (avg 1.64s, total 0.7min) | train_loss 0.706560 | val acc 0.642358 rmse 0.494977 auc 0.533960
loading data/overfit_val_small.json  ...
loaded 200 validation groups
validating model...
epoch= 26, accuracy= 0.642358, rmse= 0.492902, auc= 0.531917
[Epoch 26] time 1.66s (avg 1.65s, total 0.7min) | train_loss 0.706438 | val acc 0.642358 rmse 0.492902 auc 0.531917
loading data/overfit_val_small.json  ...
loaded 200 validation groups
validating model...
epoch= 27, accuracy= 0.642358, rmse= 0.491105, auc= 0.534527
[Epoch 27] time 1.59s (avg 1.64s, total 0.7min) | train_loss 0.704870 | val acc 0.642358 rmse 0.491105 auc 0.534527
loading data/overfit_val_small.json  ...
loaded 200 validation groups
validating model...
epoch= 28, accuracy= 0.642358, rmse= 0.489562, auc= 0.535794
[Epoch 28] time 1.77s (avg 1.65s, total 0.8min) | train_loss 0.692797 | val acc 0.642358 rmse 0.489562 auc 0.535794
loading data/overfit_val_small.json  ...
loaded 200 validation groups
validating model...
epoch= 29, accuracy= 0.642358, rmse= 0.488203, auc= 0.539289
[Epoch 29] time 1.65s (avg 1.65s, total 0.8min) | train_loss 0.697589 | val acc 0.642358 rmse 0.488203 auc 0.539289
loading data/overfit_val_small.json  ...
loaded 200 validation groups
validating model...
epoch= 30, accuracy= 0.642358, rmse= 0.486988, auc= 0.537964
[Epoch 30] time 1.72s (avg 1.65s, total 0.8min) | train_loss 0.690293 | val acc 0.642358 rmse 0.486988 auc 0.537964
loading data/overfit_val_small.json  ...
loaded 200 validation groups
validating model...
epoch= 31, accuracy= 0.642358, rmse= 0.485905, auc= 0.540401
[Epoch 31] time 1.70s (avg 1.65s, total 0.9min) | train_loss 0.686122 | val acc 0.642358 rmse 0.485905 auc 0.540401
loading data/overfit_val_small.json  ...
loaded 200 validation groups
validating model...
epoch= 32, accuracy= 0.642358, rmse= 0.484938, auc= 0.540236
[Epoch 32] time 1.65s (avg 1.65s, total 0.9min) | train_loss 0.684297 | val acc 0.642358 rmse 0.484938 auc 0.540236
loading data/overfit_val_small.json  ...
loaded 200 validation groups
validating model...
epoch= 33, accuracy= 0.642358, rmse= 0.484109, auc= 0.533016
[Epoch 33] time 1.62s (avg 1.65s, total 0.9min) | train_loss 0.686567 | val acc 0.642358 rmse 0.484109 auc 0.533016
loading data/overfit_val_small.json  ...
loaded 200 validation groups
validating model...
epoch= 34, accuracy= 0.642358, rmse= 0.483396, auc= 0.530835
[Epoch 34] time 1.71s (avg 1.65s, total 0.9min) | train_loss 0.677328 | val acc 0.642358 rmse 0.483396 auc 0.530835
loading data/overfit_val_small.json  ...
loaded 200 validation groups
validating model...
epoch= 35, accuracy= 0.642358, rmse= 0.482777, auc= 0.531508
[Epoch 35] time 1.77s (avg 1.66s, total 1.0min) | train_loss 0.676950 | val acc 0.642358 rmse 0.482777 auc 0.531508
loading data/overfit_val_small.json  ...
loaded 200 validation groups
validating model...
epoch= 36, accuracy= 0.642358, rmse= 0.482234, auc= 0.533476
[Epoch 36] time 1.98s (avg 1.67s, total 1.0min) | train_loss 0.671906 | val acc 0.642358 rmse 0.482234 auc 0.533476
loading data/overfit_val_small.json  ...
loaded 200 validation groups
validating model...
epoch= 37, accuracy= 0.642358, rmse= 0.481755, auc= 0.537408
[Epoch 37] time 1.58s (avg 1.66s, total 1.0min) | train_loss 0.674178 | val acc 0.642358 rmse 0.481755 auc 0.537408
loading data/overfit_val_small.json  ...
loaded 200 validation groups
validating model...
epoch= 38, accuracy= 0.642358, rmse= 0.481350, auc= 0.536645
[Epoch 38] time 1.57s (avg 1.66s, total 1.1min) | train_loss 0.672084 | val acc 0.642358 rmse 0.481350 auc 0.536645
loading data/overfit_val_small.json  ...
loaded 200 validation groups
validating model...
epoch= 39, accuracy= 0.642358, rmse= 0.481005, auc= 0.539074
[Epoch 39] time 1.60s (avg 1.66s, total 1.1min) | train_loss 0.667168 | val acc 0.642358 rmse 0.481005 auc 0.539074
loading data/overfit_val_small.json  ...
loaded 200 validation groups
validating model...
epoch= 40, accuracy= 0.642358, rmse= 0.480709, auc= 0.534612
[Epoch 40] time 1.67s (avg 1.66s, total 1.1min) | train_loss 0.668471 | val acc 0.642358 rmse 0.480709 auc 0.534612
loading data/overfit_val_small.json  ...
loaded 200 validation groups
validating model...
epoch= 41, accuracy= 0.642358, rmse= 0.480459, auc= 0.539577
[Epoch 41] time 1.58s (avg 1.66s, total 1.1min) | train_loss 0.667775 | val acc 0.642358 rmse 0.480459 auc 0.539577
loading data/overfit_val_small.json  ...
loaded 200 validation groups
validating model...
epoch= 42, accuracy= 0.642358, rmse= 0.480247, auc= 0.532216
[Epoch 42] time 1.65s (avg 1.66s, total 1.2min) | train_loss 0.669937 | val acc 0.642358 rmse 0.480247 auc 0.532216
loading data/overfit_val_small.json  ...
loaded 200 validation groups
validating model...
epoch= 43, accuracy= 0.642358, rmse= 0.480064, auc= 0.524251
[Epoch 43] time 1.61s (avg 1.66s, total 1.2min) | train_loss 0.669816 | val acc 0.642358 rmse 0.480064 auc 0.524251
loading data/overfit_val_small.json  ...
loaded 200 validation groups
validating model...
epoch= 44, accuracy= 0.642358, rmse= 0.479906, auc= 0.522952
[Epoch 44] time 1.65s (avg 1.66s, total 1.2min) | train_loss 0.669167 | val acc 0.642358 rmse 0.479906 auc 0.522952
loading data/overfit_val_small.json  ...
loaded 200 validation groups
validating model...
epoch= 45, accuracy= 0.642358, rmse= 0.479775, auc= 0.537931
[Epoch 45] time 1.54s (avg 1.65s, total 1.2min) | train_loss 0.665579 | val acc 0.642358 rmse 0.479775 auc 0.537931
loading data/overfit_val_small.json  ...
loaded 200 validation groups
validating model...
epoch= 46, accuracy= 0.642358, rmse= 0.479668, auc= 0.529351
[Epoch 46] time 1.57s (avg 1.65s, total 1.3min) | train_loss 0.666038 | val acc 0.642358 rmse 0.479668 auc 0.529351
loading data/overfit_val_small.json  ...
loaded 200 validation groups
validating model...
epoch= 47, accuracy= 0.642358, rmse= 0.479581, auc= 0.531271
[Epoch 47] time 1.70s (avg 1.65s, total 1.3min) | train_loss 0.664263 | val acc 0.642358 rmse 0.479581 auc 0.531271
loading data/overfit_val_small.json  ...
loaded 200 validation groups
validating model...
epoch= 48, accuracy= 0.642358, rmse= 0.479510, auc= 0.528059
[Epoch 48] time 1.58s (avg 1.65s, total 1.3min) | train_loss 0.663417 | val acc 0.642358 rmse 0.479510 auc 0.528059
loading data/overfit_val_small.json  ...
loaded 200 validation groups
validating model...
epoch= 49, accuracy= 0.642358, rmse= 0.479452, auc= 0.532764
[Epoch 49] time 1.61s (avg 1.65s, total 1.3min) | train_loss 0.664523 | val acc 0.642358 rmse 0.479452 auc 0.532764
loading data/overfit_val_small.json  ...
loaded 200 validation groups
validating model...
epoch= 50, accuracy= 0.642358, rmse= 0.479407, auc= 0.529597
[Epoch 50] time 1.58s (avg 1.65s, total 1.4min) | train_loss 0.668686 | val acc 0.642358 rmse 0.479407 auc 0.529597
loading data/overfit_val_small.json  ...
loaded 200 validation groups
validating model...
epoch= 51, accuracy= 0.642358, rmse= 0.479373, auc= 0.523324
[Epoch 51] time 1.75s (avg 1.65s, total 1.4min) | train_loss 0.661791 | val acc 0.642358 rmse 0.479373 auc 0.523324
loading data/overfit_val_small.json  ...
loaded 200 validation groups
validating model...
epoch= 52, accuracy= 0.642358, rmse= 0.479347, auc= 0.521827
[Epoch 52] time 1.79s (avg 1.65s, total 1.4min) | train_loss 0.662347 | val acc 0.642358 rmse 0.479347 auc 0.521827
loading data/overfit_val_small.json  ...
loaded 200 validation groups
validating model...
epoch= 53, accuracy= 0.642358, rmse= 0.479329, auc= 0.532935
[Epoch 53] time 1.57s (avg 1.65s, total 1.5min) | train_loss 0.660450 | val acc 0.642358 rmse 0.479329 auc 0.532935
loading data/overfit_val_small.json  ...
loaded 200 validation groups
validating model...
epoch= 54, accuracy= 0.642358, rmse= 0.479317, auc= 0.530424
[Epoch 54] time 1.61s (avg 1.65s, total 1.5min) | train_loss 0.663362 | val acc 0.642358 rmse 0.479317 auc 0.530424
loading data/overfit_val_small.json  ...
loaded 200 validation groups
validating model...
epoch= 55, accuracy= 0.642358, rmse= 0.479309, auc= 0.531208
[Epoch 55] time 1.65s (avg 1.65s, total 1.5min) | train_loss 0.665901 | val acc 0.642358 rmse 0.479309 auc 0.531208
loading data/overfit_val_small.json  ...
loaded 200 validation groups
validating model...
epoch= 56, accuracy= 0.642358, rmse= 0.479306, auc= 0.534215
[Epoch 56] time 1.65s (avg 1.65s, total 1.5min) | train_loss 0.660267 | val acc 0.642358 rmse 0.479306 auc 0.534215
loading data/overfit_val_small.json  ...
loaded 200 validation groups
validating model...
epoch= 57, accuracy= 0.642358, rmse= 0.479307, auc= 0.527340
[Epoch 57] time 1.64s (avg 1.65s, total 1.6min) | train_loss 0.665441 | val acc 0.642358 rmse 0.479307 auc 0.527340
loading data/overfit_val_small.json  ...
loaded 200 validation groups
validating model...
epoch= 58, accuracy= 0.642358, rmse= 0.479310, auc= 0.532177
[Epoch 58] time 1.64s (avg 1.65s, total 1.6min) | train_loss 0.661885 | val acc 0.642358 rmse 0.479310 auc 0.532177
loading data/overfit_val_small.json  ...
loaded 200 validation groups
validating model...
epoch= 59, accuracy= 0.642358, rmse= 0.479316, auc= 0.523287
[Epoch 59] time 1.65s (avg 1.65s, total 1.6min) | train_loss 0.659105 | val acc 0.642358 rmse 0.479316 auc 0.523287
loading data/overfit_val_small.json  ...
loaded 200 validation groups
validating model...
epoch= 60, accuracy= 0.642358, rmse= 0.479323, auc= 0.528120
[Epoch 60] time 1.63s (avg 1.65s, total 1.7min) | train_loss 0.659057 | val acc 0.642358 rmse 0.479323 auc 0.528120

Training Time Summary:
Total: 1.65 minutes
Mean per epoch: 1.65±0.10 seconds
summary written to experiments\run_20260912_232735\summary.txt
