======================================================================
experiment run: experiments\run_20260913_160542
{
  "run_name": "run_20260913_160542",
  "start_time": "2026-09-13 16:05:42",
  "device": "cuda:0",
  "seed": 2024,
  "epochs": 300,
  "batch_size": 256,
  "topk": 20,
  "lr": 0.001,
  "student_n": 17740,
  "exer_n": 8978,
  "knowledge_n": 281,
  "git_commit": "32d26c703120f923ed7942c169331091620e3a76",
  "git_dirty": true,
  "python": "3.12.13",
  "torch": "2.5.1+cu121",
  "cuda_available": true,
  "cuda_device": "NVIDIA GeForce RTX 4070 Ti"
}
======================================================================
training model...
[Epoch 1] time 2.88s (avg 2.88s, total 0.0min) | train_loss 10.655100 | val acc -1.000000 rmse -1.000000 auc -1.000000
[Epoch 2] time 1.39s (avg 2.13s, total 0.1min) | train_loss 3.080845 | val acc -1.000000 rmse -1.000000 auc -1.000000
[Epoch 3] time 1.45s (avg 1.91s, total 0.1min) | train_loss 2.895324 | val acc -1.000000 rmse -1.000000 auc -1.000000
[Epoch 4] time 1.45s (avg 1.79s, total 0.1min) | train_loss 2.760121 | val acc -1.000000 rmse -1.000000 auc -1.000000
[Epoch 5] time 1.75s (avg 1.78s, total 0.1min) | train_loss 2.540501 | val acc -1.000000 rmse -1.000000 auc -1.000000
[Epoch 6] time 1.58s (avg 1.75s, total 0.2min) | train_loss 2.347765 | val acc -1.000000 rmse -1.000000 auc -1.000000
[Epoch 7] time 1.60s (avg 1.73s, total 0.2min) | train_loss 2.158808 | val acc -1.000000 rmse -1.000000 auc -1.000000
[Epoch 8] time 1.51s (avg 1.70s, total 0.2min) | train_loss 1.949264 | val acc -1.000000 rmse -1.000000 auc -1.000000
[Epoch 9] time 1.42s (avg 1.67s, total 0.3min) | train_loss 1.788044 | val acc -1.000000 rmse -1.000000 auc -1.000000
[Epoch 10] time 1.70s (avg 1.67s, total 0.3min) | train_loss 1.575413 | val acc -1.000000 rmse -1.000000 auc -1.000000
[Epoch 11] time 1.53s (avg 1.66s, total 0.3min) | train_loss 1.426806 | val acc -1.000000 rmse -1.000000 auc -1.000000
[Epoch 12] time 1.55s (avg 1.65s, total 0.3min) | train_loss 1.289676 | val acc -1.000000 rmse -1.000000 auc -1.000000
[Epoch 13] time 1.53s (avg 1.64s, total 0.4min) | train_loss 1.173454 | val acc -1.000000 rmse -1.000000 auc -1.000000
[Epoch 14] time 1.64s (avg 1.64s, total 0.4min) | train_loss 1.060297 | val acc -1.000000 rmse -1.000000 auc -1.000000
[Epoch 15] time 1.57s (avg 1.64s, total 0.4min) | train_loss 0.963811 | val acc -1.000000 rmse -1.000000 auc -1.000000
[Epoch 16] time 1.47s (avg 1.63s, total 0.4min) | train_loss 0.915718 | val acc -1.000000 rmse -1.000000 auc -1.000000
[Epoch 17] time 1.52s (avg 1.62s, total 0.5min) | train_loss 0.866000 | val acc -1.000000 rmse -1.000000 auc -1.000000
[Epoch 18] time 1.54s (avg 1.62s, total 0.5min) | train_loss 0.830890 | val acc -1.000000 rmse -1.000000 auc -1.000000
[Epoch 19] time 1.59s (avg 1.61s, total 0.5min) | train_loss 0.803802 | val acc -1.000000 rmse -1.000000 auc -1.000000
[Epoch 20] time 1.57s (avg 1.61s, total 0.5min) | train_loss 0.776487 | val acc -1.000000 rmse -1.000000 auc -1.000000
[Epoch 21] time 1.47s (avg 1.60s, total 0.6min) | train_loss 0.760931 | val acc -1.000000 rmse -1.000000 auc -1.000000
[Epoch 22] time 1.45s (avg 1.60s, total 0.6min) | train_loss 0.752844 | val acc -1.000000 rmse -1.000000 auc -1.000000
[Epoch 23] time 1.51s (avg 1.59s, total 0.6min) | train_loss 0.732707 | val acc -1.000000 rmse -1.000000 auc -1.000000
[Epoch 24] time 1.64s (avg 1.60s, total 0.6min) | train_loss 0.721328 | val acc -1.000000 rmse -1.000000 auc -1.000000
[Epoch 25] time 1.64s (avg 1.60s, total 0.7min) | train_loss 0.706560 | val acc -1.000000 rmse -1.000000 auc -1.000000
[Epoch 26] time 1.44s (avg 1.59s, total 0.7min) | train_loss 0.706437 | val acc -1.000000 rmse -1.000000 auc -1.000000
[Epoch 27] time 1.62s (avg 1.59s, total 0.7min) | train_loss 0.704870 | val acc -1.000000 rmse -1.000000 auc -1.000000
[Epoch 28] time 1.51s (avg 1.59s, total 0.7min) | train_loss 0.692796 | val acc -1.000000 rmse -1.000000 auc -1.000000
[Epoch 29] time 1.52s (avg 1.59s, total 0.8min) | train_loss 0.697589 | val acc -1.000000 rmse -1.000000 auc -1.000000
[Epoch 30] time 1.57s (avg 1.59s, total 0.8min) | train_loss 0.690293 | val acc -1.000000 rmse -1.000000 auc -1.000000
[Epoch 31] time 1.51s (avg 1.58s, total 0.8min) | train_loss 0.686122 | val acc -1.000000 rmse -1.000000 auc -1.000000
[Epoch 32] time 1.59s (avg 1.58s, total 0.8min) | train_loss 0.684297 | val acc -1.000000 rmse -1.000000 auc -1.000000
[Epoch 33] time 1.47s (avg 1.58s, total 0.9min) | train_loss 0.686567 | val acc -1.000000 rmse -1.000000 auc -1.000000
[Epoch 34] time 1.41s (avg 1.58s, total 0.9min) | train_loss 0.677328 | val acc -1.000000 rmse -1.000000 auc -1.000000
[Epoch 35] time 1.43s (avg 1.57s, total 0.9min) | train_loss 0.676950 | val acc -1.000000 rmse -1.000000 auc -1.000000
[Epoch 36] time 1.41s (avg 1.57s, total 0.9min) | train_loss 0.671906 | val acc -1.000000 rmse -1.000000 auc -1.000000
[Epoch 37] time 1.62s (avg 1.57s, total 1.0min) | train_loss 0.674178 | val acc -1.000000 rmse -1.000000 auc -1.000000
[Epoch 38] time 1.53s (avg 1.57s, total 1.0min) | train_loss 0.672084 | val acc -1.000000 rmse -1.000000 auc -1.000000
[Epoch 39] time 1.51s (avg 1.57s, total 1.0min) | train_loss 0.667168 | val acc -1.000000 rmse -1.000000 auc -1.000000
[Epoch 40] time 1.50s (avg 1.57s, total 1.0min) | train_loss 0.668471 | val acc -1.000000 rmse -1.000000 auc -1.000000
[Epoch 41] time 1.52s (avg 1.56s, total 1.1min) | train_loss 0.667775 | val acc -1.000000 rmse -1.000000 auc -1.000000
[Epoch 42] time 1.52s (avg 1.56s, total 1.1min) | train_loss 0.669937 | val acc -1.000000 rmse -1.000000 auc -1.000000
[Epoch 43] time 1.51s (avg 1.56s, total 1.1min) | train_loss 0.669816 | val acc -1.000000 rmse -1.000000 auc -1.000000
[Epoch 44] time 1.57s (avg 1.56s, total 1.1min) | train_loss 0.669167 | val acc -1.000000 rmse -1.000000 auc -1.000000
[Epoch 45] time 1.63s (avg 1.56s, total 1.2min) | train_loss 0.665579 | val acc -1.000000 rmse -1.000000 auc -1.000000
[Epoch 46] time 1.59s (avg 1.56s, total 1.2min) | train_loss 0.666038 | val acc -1.000000 rmse -1.000000 auc -1.000000
[Epoch 47] time 1.55s (avg 1.56s, total 1.2min) | train_loss 0.664263 | val acc -1.000000 rmse -1.000000 auc -1.000000
[Epoch 48] time 1.55s (avg 1.56s, total 1.3min) | train_loss 0.663417 | val acc -1.000000 rmse -1.000000 auc -1.000000
[Epoch 49] time 1.62s (avg 1.56s, total 1.3min) | train_loss 0.664523 | val acc -1.000000 rmse -1.000000 auc -1.000000
[Epoch 50] time 1.54s (avg 1.56s, total 1.3min) | train_loss 0.668686 | val acc -1.000000 rmse -1.000000 auc -1.000000
[Epoch 51] time 1.49s (avg 1.56s, total 1.3min) | train_loss 0.661791 | val acc -1.000000 rmse -1.000000 auc -1.000000
[Epoch 52] time 1.47s (avg 1.56s, total 1.4min) | train_loss 0.662347 | val acc -1.000000 rmse -1.000000 auc -1.000000
[Epoch 53] time 1.52s (avg 1.56s, total 1.4min) | train_loss 0.660450 | val acc -1.000000 rmse -1.000000 auc -1.000000
[Epoch 54] time 2.21s (avg 1.57s, total 1.4min) | train_loss 0.663362 | val acc -1.000000 rmse -1.000000 auc -1.000000
[Epoch 55] time 1.95s (avg 1.58s, total 1.4min) | train_loss 0.665901 | val acc -1.000000 rmse -1.000000 auc -1.000000
[Epoch 56] time 1.88s (avg 1.58s, total 1.5min) | train_loss 0.660267 | val acc -1.000000 rmse -1.000000 auc -1.000000
[Epoch 57] time 2.02s (avg 1.59s, total 1.5min) | train_loss 0.665441 | val acc -1.000000 rmse -1.000000 auc -1.000000
[Epoch 58] time 2.27s (avg 1.60s, total 1.6min) | train_loss 0.661885 | val acc -1.000000 rmse -1.000000 auc -1.000000
[Epoch 59] time 1.60s (avg 1.60s, total 1.6min) | train_loss 0.659105 | val acc -1.000000 rmse -1.000000 auc -1.000000
[Epoch 60] time 1.65s (avg 1.60s, total 1.6min) | train_loss 0.659057 | val acc -1.000000 rmse -1.000000 auc -1.000000
[Epoch 61] time 2.12s (avg 1.61s, total 1.6min) | train_loss 0.664076 | val acc -1.000000 rmse -1.000000 auc -1.000000
[Epoch 62] time 1.61s (avg 1.61s, total 1.7min) | train_loss 0.662119 | val acc -1.000000 rmse -1.000000 auc -1.000000
[Epoch 63] time 1.58s (avg 1.61s, total 1.7min) | train_loss 0.663330 | val acc -1.000000 rmse -1.000000 auc -1.000000
[Epoch 64] time 1.58s (avg 1.61s, total 1.7min) | train_loss 0.659234 | val acc -1.000000 rmse -1.000000 auc -1.000000
[Epoch 65] time 1.53s (avg 1.61s, total 1.7min) | train_loss 0.663095 | val acc -1.000000 rmse -1.000000 auc -1.000000
[Epoch 66] time 1.61s (avg 1.61s, total 1.8min) | train_loss 0.660268 | val acc -1.000000 rmse -1.000000 auc -1.000000
[Epoch 67] time 1.46s (avg 1.61s, total 1.8min) | train_loss 0.661866 | val acc -1.000000 rmse -1.000000 auc -1.000000
[Epoch 68] time 1.54s (avg 1.61s, total 1.8min) | train_loss 0.661605 | val acc -1.000000 rmse -1.000000 auc -1.000000
[Epoch 69] time 1.60s (avg 1.61s, total 1.8min) | train_loss 0.662435 | val acc -1.000000 rmse -1.000000 auc -1.000000
[Epoch 70] time 1.73s (avg 1.61s, total 1.9min) | train_loss 0.659825 | val acc -1.000000 rmse -1.000000 auc -1.000000
[Epoch 71] time 1.63s (avg 1.61s, total 1.9min) | train_loss 0.663547 | val acc -1.000000 rmse -1.000000 auc -1.000000
[Epoch 72] time 1.51s (avg 1.61s, total 1.9min) | train_loss 0.664193 | val acc -1.000000 rmse -1.000000 auc -1.000000
[Epoch 73] time 1.50s (avg 1.61s, total 2.0min) | train_loss 0.662846 | val acc -1.000000 rmse -1.000000 auc -1.000000
[Epoch 74] time 1.44s (avg 1.60s, total 2.0min) | train_loss 0.661559 | val acc -1.000000 rmse -1.000000 auc -1.000000
[Epoch 75] time 1.59s (avg 1.60s, total 2.0min) | train_loss 0.661846 | val acc -1.000000 rmse -1.000000 auc -1.000000
[Epoch 76] time 1.46s (avg 1.60s, total 2.0min) | train_loss 0.665641 | val acc -1.000000 rmse -1.000000 auc -1.000000
[Epoch 77] time 1.49s (avg 1.60s, total 2.1min) | train_loss 0.664900 | val acc -1.000000 rmse -1.000000 auc -1.000000
[Epoch 78] time 1.57s (avg 1.60s, total 2.1min) | train_loss 0.661358 | val acc -1.000000 rmse -1.000000 auc -1.000000
[Epoch 79] time 1.54s (avg 1.60s, total 2.1min) | train_loss 0.662819 | val acc -1.000000 rmse -1.000000 auc -1.000000
[Epoch 80] time 1.59s (avg 1.60s, total 2.1min) | train_loss 0.662783 | val acc -1.000000 rmse -1.000000 auc -1.000000
[Epoch 81] time 1.60s (avg 1.60s, total 2.2min) | train_loss 0.664907 | val acc -1.000000 rmse -1.000000 auc -1.000000
[Epoch 82] time 1.65s (avg 1.60s, total 2.2min) | train_loss 0.658380 | val acc -1.000000 rmse -1.000000 auc -1.000000
[Epoch 83] time 1.45s (avg 1.60s, total 2.2min) | train_loss 0.661416 | val acc -1.000000 rmse -1.000000 auc -1.000000
[Epoch 84] time 1.63s (avg 1.60s, total 2.2min) | train_loss 0.661351 | val acc -1.000000 rmse -1.000000 auc -1.000000
[Epoch 85] time 1.49s (avg 1.60s, total 2.3min) | train_loss 0.659494 | val acc -1.000000 rmse -1.000000 auc -1.000000
[Epoch 86] time 1.49s (avg 1.60s, total 2.3min) | train_loss 0.662065 | val acc -1.000000 rmse -1.000000 auc -1.000000
[Epoch 87] time 1.56s (avg 1.60s, total 2.3min) | train_loss 0.664115 | val acc -1.000000 rmse -1.000000 auc -1.000000
[Epoch 88] time 1.65s (avg 1.60s, total 2.3min) | train_loss 0.663221 | val acc -1.000000 rmse -1.000000 auc -1.000000
[Epoch 89] time 1.72s (avg 1.60s, total 2.4min) | train_loss 0.662358 | val acc -1.000000 rmse -1.000000 auc -1.000000
[Epoch 90] time 1.60s (avg 1.60s, total 2.4min) | train_loss 0.660206 | val acc -1.000000 rmse -1.000000 auc -1.000000
[Epoch 91] time 1.64s (avg 1.60s, total 2.4min) | train_loss 0.658781 | val acc -1.000000 rmse -1.000000 auc -1.000000
[Epoch 92] time 1.71s (avg 1.60s, total 2.5min) | train_loss 0.659867 | val acc -1.000000 rmse -1.000000 auc -1.000000
[Epoch 93] time 1.53s (avg 1.60s, total 2.5min) | train_loss 0.664353 | val acc -1.000000 rmse -1.000000 auc -1.000000
[Epoch 94] time 1.55s (avg 1.60s, total 2.5min) | train_loss 0.659675 | val acc -1.000000 rmse -1.000000 auc -1.000000
[Epoch 95] time 1.48s (avg 1.60s, total 2.5min) | train_loss 0.660187 | val acc -1.000000 rmse -1.000000 auc -1.000000
[Epoch 96] time 1.47s (avg 1.60s, total 2.6min) | train_loss 0.662981 | val acc -1.000000 rmse -1.000000 auc -1.000000
[Epoch 97] time 1.53s (avg 1.59s, total 2.6min) | train_loss 0.660146 | val acc -1.000000 rmse -1.000000 auc -1.000000
[Epoch 98] time 1.43s (avg 1.59s, total 2.6min) | train_loss 0.662391 | val acc -1.000000 rmse -1.000000 auc -1.000000
[Epoch 99] time 1.43s (avg 1.59s, total 2.6min) | train_loss 0.661605 | val acc -1.000000 rmse -1.000000 auc -1.000000
[Epoch 100] time 1.52s (avg 1.59s, total 2.7min) | train_loss 0.665674 | val acc -1.000000 rmse -1.000000 auc -1.000000
[Epoch 101] time 1.44s (avg 1.59s, total 2.7min) | train_loss 0.663656 | val acc -1.000000 rmse -1.000000 auc -1.000000
[Epoch 102] time 1.44s (avg 1.59s, total 2.7min) | train_loss 0.661219 | val acc -1.000000 rmse -1.000000 auc -1.000000
[Epoch 103] time 1.59s (avg 1.59s, total 2.7min) | train_loss 0.661041 | val acc -1.000000 rmse -1.000000 auc -1.000000
[Epoch 104] time 1.44s (avg 1.59s, total 2.7min) | train_loss 0.661929 | val acc -1.000000 rmse -1.000000 auc -1.000000
[Epoch 105] time 1.48s (avg 1.59s, total 2.8min) | train_loss 0.663351 | val acc -1.000000 rmse -1.000000 auc -1.000000
[Epoch 106] time 1.48s (avg 1.58s, total 2.8min) | train_loss 0.661718 | val acc -1.000000 rmse -1.000000 auc -1.000000
[Epoch 107] time 1.75s (avg 1.59s, total 2.8min) | train_loss 0.659122 | val acc -1.000000 rmse -1.000000 auc -1.000000
[Epoch 108] time 1.56s (avg 1.59s, total 2.9min) | train_loss 0.658745 | val acc -1.000000 rmse -1.000000 auc -1.000000
[Epoch 109] time 1.48s (avg 1.58s, total 2.9min) | train_loss 0.662931 | val acc -1.000000 rmse -1.000000 auc -1.000000
[Epoch 110] time 1.58s (avg 1.58s, total 2.9min) | train_loss 0.661071 | val acc -1.000000 rmse -1.000000 auc -1.000000
[Epoch 111] time 1.48s (avg 1.58s, total 2.9min) | train_loss 0.660652 | val acc -1.000000 rmse -1.000000 auc -1.000000
[Epoch 112] time 1.54s (avg 1.58s, total 3.0min) | train_loss 0.662987 | val acc -1.000000 rmse -1.000000 auc -1.000000
[Epoch 113] time 1.42s (avg 1.58s, total 3.0min) | train_loss 0.661679 | val acc -1.000000 rmse -1.000000 auc -1.000000
[Epoch 114] time 1.36s (avg 1.58s, total 3.0min) | train_loss 0.663798 | val acc -1.000000 rmse -1.000000 auc -1.000000
[Epoch 115] time 1.34s (avg 1.58s, total 3.0min) | train_loss 0.658921 | val acc -1.000000 rmse -1.000000 auc -1.000000
[Epoch 116] time 1.36s (avg 1.58s, total 3.0min) | train_loss 0.659326 | val acc -1.000000 rmse -1.000000 auc -1.000000
[Epoch 117] time 1.37s (avg 1.57s, total 3.1min) | train_loss 0.660234 | val acc -1.000000 rmse -1.000000 auc -1.000000
[Epoch 118] time 1.40s (avg 1.57s, total 3.1min) | train_loss 0.663813 | val acc -1.000000 rmse -1.000000 auc -1.000000
[Epoch 119] time 1.51s (avg 1.57s, total 3.1min) | train_loss 0.664974 | val acc -1.000000 rmse -1.000000 auc -1.000000
[Epoch 120] time 1.52s (avg 1.57s, total 3.1min) | train_loss 0.659984 | val acc -1.000000 rmse -1.000000 auc -1.000000
[Epoch 121] time 1.45s (avg 1.57s, total 3.2min) | train_loss 0.659681 | val acc -1.000000 rmse -1.000000 auc -1.000000
[Epoch 122] time 1.37s (avg 1.57s, total 3.2min) | train_loss 0.661056 | val acc -1.000000 rmse -1.000000 auc -1.000000
[Epoch 123] time 1.47s (avg 1.57s, total 3.2min) | train_loss 0.660262 | val acc -1.000000 rmse -1.000000 auc -1.000000
[Epoch 124] time 1.91s (avg 1.57s, total 3.2min) | train_loss 0.660873 | val acc -1.000000 rmse -1.000000 auc -1.000000
[Epoch 125] time 1.45s (avg 1.57s, total 3.3min) | train_loss 0.659890 | val acc -1.000000 rmse -1.000000 auc -1.000000
[Epoch 126] time 1.34s (avg 1.57s, total 3.3min) | train_loss 0.661048 | val acc -1.000000 rmse -1.000000 auc -1.000000
[Epoch 127] time 1.40s (avg 1.57s, total 3.3min) | train_loss 0.665680 | val acc -1.000000 rmse -1.000000 auc -1.000000
[Epoch 128] time 1.39s (avg 1.57s, total 3.3min) | train_loss 0.661261 | val acc -1.000000 rmse -1.000000 auc -1.000000
[Epoch 129] time 1.34s (avg 1.56s, total 3.4min) | train_loss 0.662177 | val acc -1.000000 rmse -1.000000 auc -1.000000
[Epoch 130] time 1.38s (avg 1.56s, total 3.4min) | train_loss 0.664663 | val acc -1.000000 rmse -1.000000 auc -1.000000
[Epoch 131] time 1.46s (avg 1.56s, total 3.4min) | train_loss 0.663245 | val acc -1.000000 rmse -1.000000 auc -1.000000
[Epoch 132] time 1.39s (avg 1.56s, total 3.4min) | train_loss 0.662870 | val acc -1.000000 rmse -1.000000 auc -1.000000
[Epoch 133] time 1.67s (avg 1.56s, total 3.5min) | train_loss 0.662895 | val acc -1.000000 rmse -1.000000 auc -1.000000
[Epoch 134] time 1.65s (avg 1.56s, total 3.5min) | train_loss 0.658216 | val acc -1.000000 rmse -1.000000 auc -1.000000
[Epoch 135] time 2.11s (avg 1.57s, total 3.5min) | train_loss 0.661062 | val acc -1.000000 rmse -1.000000 auc -1.000000
[Epoch 136] time 2.67s (avg 1.57s, total 3.6min) | train_loss 0.662781 | val acc -1.000000 rmse -1.000000 auc -1.000000
[Epoch 137] time 1.52s (avg 1.57s, total 3.6min) | train_loss 0.661050 | val acc -1.000000 rmse -1.000000 auc -1.000000
[Epoch 138] time 1.51s (avg 1.57s, total 3.6min) | train_loss 0.662832 | val acc -1.000000 rmse -1.000000 auc -1.000000
[Epoch 139] time 1.43s (avg 1.57s, total 3.6min) | train_loss 0.661970 | val acc -1.000000 rmse -1.000000 auc -1.000000
[Epoch 140] time 1.41s (avg 1.57s, total 3.7min) | train_loss 0.665962 | val acc -1.000000 rmse -1.000000 auc -1.000000
[Epoch 141] time 1.39s (avg 1.57s, total 3.7min) | train_loss 0.660860 | val acc -1.000000 rmse -1.000000 auc -1.000000
[Epoch 142] time 1.36s (avg 1.57s, total 3.7min) | train_loss 0.661313 | val acc -1.000000 rmse -1.000000 auc -1.000000
[Epoch 143] time 1.35s (avg 1.57s, total 3.7min) | train_loss 0.663123 | val acc -1.000000 rmse -1.000000 auc -1.000000
[Epoch 144] time 1.37s (avg 1.57s, total 3.8min) | train_loss 0.662420 | val acc -1.000000 rmse -1.000000 auc -1.000000
[Epoch 145] time 1.37s (avg 1.56s, total 3.8min) | train_loss 0.662769 | val acc -1.000000 rmse -1.000000 auc -1.000000
[Epoch 146] time 1.38s (avg 1.56s, total 3.8min) | train_loss 0.664778 | val acc -1.000000 rmse -1.000000 auc -1.000000
[Epoch 147] time 1.36s (avg 1.56s, total 3.8min) | train_loss 0.660158 | val acc -1.000000 rmse -1.000000 auc -1.000000
[Epoch 148] time 1.36s (avg 1.56s, total 3.8min) | train_loss 0.658779 | val acc -1.000000 rmse -1.000000 auc -1.000000
[Epoch 149] time 1.40s (avg 1.56s, total 3.9min) | train_loss 0.660019 | val acc -1.000000 rmse -1.000000 auc -1.000000
[Epoch 150] time 1.36s (avg 1.56s, total 3.9min) | train_loss 0.660119 | val acc -1.000000 rmse -1.000000 auc -1.000000
[Epoch 151] time 1.38s (avg 1.56s, total 3.9min) | train_loss 0.662467 | val acc -1.000000 rmse -1.000000 auc -1.000000
[Epoch 152] time 1.35s (avg 1.56s, total 3.9min) | train_loss 0.661059 | val acc -1.000000 rmse -1.000000 auc -1.000000
[Epoch 153] time 1.35s (avg 1.55s, total 4.0min) | train_loss 0.659362 | val acc -1.000000 rmse -1.000000 auc -1.000000
[Epoch 154] time 1.39s (avg 1.55s, total 4.0min) | train_loss 0.660145 | val acc -1.000000 rmse -1.000000 auc -1.000000
[Epoch 155] time 1.39s (avg 1.55s, total 4.0min) | train_loss 0.662226 | val acc -1.000000 rmse -1.000000 auc -1.000000
[Epoch 156] time 1.35s (avg 1.55s, total 4.0min) | train_loss 0.662144 | val acc -1.000000 rmse -1.000000 auc -1.000000
[Epoch 157] time 1.39s (avg 1.55s, total 4.1min) | train_loss 0.660489 | val acc -1.000000 rmse -1.000000 auc -1.000000
[Epoch 158] time 1.33s (avg 1.55s, total 4.1min) | train_loss 0.659369 | val acc -1.000000 rmse -1.000000 auc -1.000000
[Epoch 159] time 1.35s (avg 1.55s, total 4.1min) | train_loss 0.661254 | val acc -1.000000 rmse -1.000000 auc -1.000000
[Epoch 160] time 1.35s (avg 1.55s, total 4.1min) | train_loss 0.659531 | val acc -1.000000 rmse -1.000000 auc -1.000000
[Epoch 161] time 1.36s (avg 1.54s, total 4.1min) | train_loss 0.663155 | val acc -1.000000 rmse -1.000000 auc -1.000000
[Epoch 162] time 1.35s (avg 1.54s, total 4.2min) | train_loss 0.658825 | val acc -1.000000 rmse -1.000000 auc -1.000000
[Epoch 163] time 1.33s (avg 1.54s, total 4.2min) | train_loss 0.659822 | val acc -1.000000 rmse -1.000000 auc -1.000000
[Epoch 164] time 1.40s (avg 1.54s, total 4.2min) | train_loss 0.660184 | val acc -1.000000 rmse -1.000000 auc -1.000000
[Epoch 165] time 1.43s (avg 1.54s, total 4.2min) | train_loss 0.658787 | val acc -1.000000 rmse -1.000000 auc -1.000000
[Epoch 166] time 1.35s (avg 1.54s, total 4.3min) | train_loss 0.662524 | val acc -1.000000 rmse -1.000000 auc -1.000000
[Epoch 167] time 1.40s (avg 1.54s, total 4.3min) | train_loss 0.660681 | val acc -1.000000 rmse -1.000000 auc -1.000000
[Epoch 168] time 1.38s (avg 1.54s, total 4.3min) | train_loss 0.660885 | val acc -1.000000 rmse -1.000000 auc -1.000000
[Epoch 169] time 1.41s (avg 1.54s, total 4.3min) | train_loss 0.662705 | val acc -1.000000 rmse -1.000000 auc -1.000000
[Epoch 170] time 1.35s (avg 1.54s, total 4.4min) | train_loss 0.661993 | val acc -1.000000 rmse -1.000000 auc -1.000000
[Epoch 171] time 1.38s (avg 1.53s, total 4.4min) | train_loss 0.660655 | val acc -1.000000 rmse -1.000000 auc -1.000000
[Epoch 172] time 1.38s (avg 1.53s, total 4.4min) | train_loss 0.657608 | val acc -1.000000 rmse -1.000000 auc -1.000000
[Epoch 173] time 1.37s (avg 1.53s, total 4.4min) | train_loss 0.660520 | val acc -1.000000 rmse -1.000000 auc -1.000000
[Epoch 174] time 1.38s (avg 1.53s, total 4.4min) | train_loss 0.659443 | val acc -1.000000 rmse -1.000000 auc -1.000000
[Epoch 175] time 1.48s (avg 1.53s, total 4.5min) | train_loss 0.658470 | val acc -1.000000 rmse -1.000000 auc -1.000000
[Epoch 176] time 1.42s (avg 1.53s, total 4.5min) | train_loss 0.656512 | val acc -1.000000 rmse -1.000000 auc -1.000000
[Epoch 177] time 1.35s (avg 1.53s, total 4.5min) | train_loss 0.656611 | val acc -1.000000 rmse -1.000000 auc -1.000000
[Epoch 178] time 1.35s (avg 1.53s, total 4.5min) | train_loss 0.658182 | val acc -1.000000 rmse -1.000000 auc -1.000000
[Epoch 179] time 1.38s (avg 1.53s, total 4.6min) | train_loss 0.660781 | val acc -1.000000 rmse -1.000000 auc -1.000000
[Epoch 180] time 1.56s (avg 1.53s, total 4.6min) | train_loss 0.660811 | val acc -1.000000 rmse -1.000000 auc -1.000000
[Epoch 181] time 1.38s (avg 1.53s, total 4.6min) | train_loss 0.657962 | val acc -1.000000 rmse -1.000000 auc -1.000000
[Epoch 182] time 1.36s (avg 1.53s, total 4.6min) | train_loss 0.660126 | val acc -1.000000 rmse -1.000000 auc -1.000000
[Epoch 183] time 1.37s (avg 1.53s, total 4.7min) | train_loss 0.656686 | val acc -1.000000 rmse -1.000000 auc -1.000000
[Epoch 184] time 1.34s (avg 1.52s, total 4.7min) | train_loss 0.659387 | val acc -1.000000 rmse -1.000000 auc -1.000000
[Epoch 185] time 1.35s (avg 1.52s, total 4.7min) | train_loss 0.659459 | val acc -1.000000 rmse -1.000000 auc -1.000000
[Epoch 186] time 1.32s (avg 1.52s, total 4.7min) | train_loss 0.654712 | val acc -1.000000 rmse -1.000000 auc -1.000000
[Epoch 187] time 1.33s (avg 1.52s, total 4.7min) | train_loss 0.658749 | val acc -1.000000 rmse -1.000000 auc -1.000000
[Epoch 188] time 1.35s (avg 1.52s, total 4.8min) | train_loss 0.654209 | val acc -1.000000 rmse -1.000000 auc -1.000000
[Epoch 189] time 1.37s (avg 1.52s, total 4.8min) | train_loss 0.656860 | val acc -1.000000 rmse -1.000000 auc -1.000000
[Epoch 190] time 1.42s (avg 1.52s, total 4.8min) | train_loss 0.657939 | val acc -1.000000 rmse -1.000000 auc -1.000000
[Epoch 191] time 1.38s (avg 1.52s, total 4.8min) | train_loss 0.656864 | val acc -1.000000 rmse -1.000000 auc -1.000000
[Epoch 192] time 1.36s (avg 1.52s, total 4.9min) | train_loss 0.656243 | val acc -1.000000 rmse -1.000000 auc -1.000000
[Epoch 193] time 1.37s (avg 1.52s, total 4.9min) | train_loss 0.655223 | val acc -1.000000 rmse -1.000000 auc -1.000000
[Epoch 194] time 1.37s (avg 1.52s, total 4.9min) | train_loss 0.655128 | val acc -1.000000 rmse -1.000000 auc -1.000000
[Epoch 195] time 1.35s (avg 1.52s, total 4.9min) | train_loss 0.651553 | val acc -1.000000 rmse -1.000000 auc -1.000000
[Epoch 196] time 1.37s (avg 1.51s, total 4.9min) | train_loss 0.651728 | val acc -1.000000 rmse -1.000000 auc -1.000000
[Epoch 197] time 1.36s (avg 1.51s, total 5.0min) | train_loss 0.651073 | val acc -1.000000 rmse -1.000000 auc -1.000000
[Epoch 198] time 1.35s (avg 1.51s, total 5.0min) | train_loss 0.654716 | val acc -1.000000 rmse -1.000000 auc -1.000000
[Epoch 199] time 1.36s (avg 1.51s, total 5.0min) | train_loss 0.652833 | val acc -1.000000 rmse -1.000000 auc -1.000000
[Epoch 200] time 1.37s (avg 1.51s, total 5.0min) | train_loss 0.648379 | val acc -1.000000 rmse -1.000000 auc -1.000000
[Epoch 201] time 1.41s (avg 1.51s, total 5.1min) | train_loss 0.648539 | val acc -1.000000 rmse -1.000000 auc -1.000000
[Epoch 202] time 1.38s (avg 1.51s, total 5.1min) | train_loss 0.652699 | val acc -1.000000 rmse -1.000000 auc -1.000000
[Epoch 203] time 1.42s (avg 1.51s, total 5.1min) | train_loss 0.651212 | val acc -1.000000 rmse -1.000000 auc -1.000000
[Epoch 204] time 1.37s (avg 1.51s, total 5.1min) | train_loss 0.647138 | val acc -1.000000 rmse -1.000000 auc -1.000000
[Epoch 205] time 1.39s (avg 1.51s, total 5.2min) | train_loss 0.646589 | val acc -1.000000 rmse -1.000000 auc -1.000000
[Epoch 206] time 1.41s (avg 1.51s, total 5.2min) | train_loss 0.645495 | val acc -1.000000 rmse -1.000000 auc -1.000000
[Epoch 207] time 1.45s (avg 1.51s, total 5.2min) | train_loss 0.646917 | val acc -1.000000 rmse -1.000000 auc -1.000000
[Epoch 208] time 1.40s (avg 1.51s, total 5.2min) | train_loss 0.643092 | val acc -1.000000 rmse -1.000000 auc -1.000000
[Epoch 209] time 1.42s (avg 1.51s, total 5.2min) | train_loss 0.645548 | val acc -1.000000 rmse -1.000000 auc -1.000000
[Epoch 210] time 1.39s (avg 1.51s, total 5.3min) | train_loss 0.643737 | val acc -1.000000 rmse -1.000000 auc -1.000000
[Epoch 211] time 1.39s (avg 1.51s, total 5.3min) | train_loss 0.642547 | val acc -1.000000 rmse -1.000000 auc -1.000000
[Epoch 212] time 1.36s (avg 1.51s, total 5.3min) | train_loss 0.640492 | val acc -1.000000 rmse -1.000000 auc -1.000000
[Epoch 213] time 1.41s (avg 1.50s, total 5.3min) | train_loss 0.639648 | val acc -1.000000 rmse -1.000000 auc -1.000000
[Epoch 214] time 1.39s (avg 1.50s, total 5.4min) | train_loss 0.639052 | val acc -1.000000 rmse -1.000000 auc -1.000000
[Epoch 215] time 1.40s (avg 1.50s, total 5.4min) | train_loss 0.639978 | val acc -1.000000 rmse -1.000000 auc -1.000000
[Epoch 216] time 1.38s (avg 1.50s, total 5.4min) | train_loss 0.635068 | val acc -1.000000 rmse -1.000000 auc -1.000000
[Epoch 217] time 1.45s (avg 1.50s, total 5.4min) | train_loss 0.635138 | val acc -1.000000 rmse -1.000000 auc -1.000000
[Epoch 218] time 1.46s (avg 1.50s, total 5.5min) | train_loss 0.629447 | val acc -1.000000 rmse -1.000000 auc -1.000000
[Epoch 219] time 1.46s (avg 1.50s, total 5.5min) | train_loss 0.632378 | val acc -1.000000 rmse -1.000000 auc -1.000000
[Epoch 220] time 1.47s (avg 1.50s, total 5.5min) | train_loss 0.631143 | val acc -1.000000 rmse -1.000000 auc -1.000000
[Epoch 221] time 1.41s (avg 1.50s, total 5.5min) | train_loss 0.628667 | val acc -1.000000 rmse -1.000000 auc -1.000000
[Epoch 222] time 1.39s (avg 1.50s, total 5.6min) | train_loss 0.627591 | val acc -1.000000 rmse -1.000000 auc -1.000000
[Epoch 223] time 1.35s (avg 1.50s, total 5.6min) | train_loss 0.623733 | val acc -1.000000 rmse -1.000000 auc -1.000000
[Epoch 224] time 1.35s (avg 1.50s, total 5.6min) | train_loss 0.620447 | val acc -1.000000 rmse -1.000000 auc -1.000000
[Epoch 225] time 1.42s (avg 1.50s, total 5.6min) | train_loss 0.621160 | val acc -1.000000 rmse -1.000000 auc -1.000000
[Epoch 226] time 1.42s (avg 1.50s, total 5.6min) | train_loss 0.617916 | val acc -1.000000 rmse -1.000000 auc -1.000000
[Epoch 227] time 1.34s (avg 1.50s, total 5.7min) | train_loss 0.615416 | val acc -1.000000 rmse -1.000000 auc -1.000000
[Epoch 228] time 1.36s (avg 1.50s, total 5.7min) | train_loss 0.612352 | val acc -1.000000 rmse -1.000000 auc -1.000000
[Epoch 229] time 1.38s (avg 1.50s, total 5.7min) | train_loss 0.607678 | val acc -1.000000 rmse -1.000000 auc -1.000000
[Epoch 230] time 1.34s (avg 1.50s, total 5.7min) | train_loss 0.604751 | val acc -1.000000 rmse -1.000000 auc -1.000000
[Epoch 231] time 1.35s (avg 1.50s, total 5.8min) | train_loss 0.603131 | val acc -1.000000 rmse -1.000000 auc -1.000000
[Epoch 232] time 1.38s (avg 1.50s, total 5.8min) | train_loss 0.599872 | val acc -1.000000 rmse -1.000000 auc -1.000000
[Epoch 233] time 1.35s (avg 1.50s, total 5.8min) | train_loss 0.596063 | val acc -1.000000 rmse -1.000000 auc -1.000000
[Epoch 234] time 1.35s (avg 1.49s, total 5.8min) | train_loss 0.590243 | val acc -1.000000 rmse -1.000000 auc -1.000000
[Epoch 235] time 1.46s (avg 1.49s, total 5.9min) | train_loss 0.589995 | val acc -1.000000 rmse -1.000000 auc -1.000000
[Epoch 236] time 1.41s (avg 1.49s, total 5.9min) | train_loss 0.586701 | val acc -1.000000 rmse -1.000000 auc -1.000000
[Epoch 237] time 1.43s (avg 1.49s, total 5.9min) | train_loss 0.583180 | val acc -1.000000 rmse -1.000000 auc -1.000000
[Epoch 238] time 1.47s (avg 1.49s, total 5.9min) | train_loss 0.578590 | val acc -1.000000 rmse -1.000000 auc -1.000000
[Epoch 239] time 1.42s (avg 1.49s, total 5.9min) | train_loss 0.574958 | val acc -1.000000 rmse -1.000000 auc -1.000000
[Epoch 240] time 1.40s (avg 1.49s, total 6.0min) | train_loss 0.569117 | val acc -1.000000 rmse -1.000000 auc -1.000000
[Epoch 241] time 1.46s (avg 1.49s, total 6.0min) | train_loss 0.566708 | val acc -1.000000 rmse -1.000000 auc -1.000000
[Epoch 242] time 1.37s (avg 1.49s, total 6.0min) | train_loss 0.560104 | val acc -1.000000 rmse -1.000000 auc -1.000000
[Epoch 243] time 1.43s (avg 1.49s, total 6.0min) | train_loss 0.555080 | val acc -1.000000 rmse -1.000000 auc -1.000000
[Epoch 244] time 1.40s (avg 1.49s, total 6.1min) | train_loss 0.550844 | val acc -1.000000 rmse -1.000000 auc -1.000000
[Epoch 245] time 1.39s (avg 1.49s, total 6.1min) | train_loss 0.549261 | val acc -1.000000 rmse -1.000000 auc -1.000000
[Epoch 246] time 1.41s (avg 1.49s, total 6.1min) | train_loss 0.541315 | val acc -1.000000 rmse -1.000000 auc -1.000000
[Epoch 247] time 1.41s (avg 1.49s, total 6.1min) | train_loss 0.540981 | val acc -1.000000 rmse -1.000000 auc -1.000000
[Epoch 248] time 1.39s (avg 1.49s, total 6.2min) | train_loss 0.538493 | val acc -1.000000 rmse -1.000000 auc -1.000000
[Epoch 249] time 1.46s (avg 1.49s, total 6.2min) | train_loss 0.528210 | val acc -1.000000 rmse -1.000000 auc -1.000000
[Epoch 250] time 1.38s (avg 1.49s, total 6.2min) | train_loss 0.528485 | val acc -1.000000 rmse -1.000000 auc -1.000000
[Epoch 251] time 1.38s (avg 1.49s, total 6.2min) | train_loss 0.521523 | val acc -1.000000 rmse -1.000000 auc -1.000000
[Epoch 252] time 1.45s (avg 1.49s, total 6.3min) | train_loss 0.520645 | val acc -1.000000 rmse -1.000000 auc -1.000000
[Epoch 253] time 1.39s (avg 1.49s, total 6.3min) | train_loss 0.513465 | val acc -1.000000 rmse -1.000000 auc -1.000000
[Epoch 254] time 1.35s (avg 1.49s, total 6.3min) | train_loss 0.509456 | val acc -1.000000 rmse -1.000000 auc -1.000000
[Epoch 255] time 1.36s (avg 1.49s, total 6.3min) | train_loss 0.505094 | val acc -1.000000 rmse -1.000000 auc -1.000000
[Epoch 256] time 1.41s (avg 1.49s, total 6.3min) | train_loss 0.502823 | val acc -1.000000 rmse -1.000000 auc -1.000000
[Epoch 257] time 1.33s (avg 1.49s, total 6.4min) | train_loss 0.499599 | val acc -1.000000 rmse -1.000000 auc -1.000000
[Epoch 258] time 1.34s (avg 1.49s, total 6.4min) | train_loss 0.497371 | val acc -1.000000 rmse -1.000000 auc -1.000000
[Epoch 259] time 1.33s (avg 1.49s, total 6.4min) | train_loss 0.490684 | val acc -1.000000 rmse -1.000000 auc -1.000000
[Epoch 260] time 1.34s (avg 1.48s, total 6.4min) | train_loss 0.485562 | val acc -1.000000 rmse -1.000000 auc -1.000000
[Epoch 261] time 1.36s (avg 1.48s, total 6.5min) | train_loss 0.481342 | val acc -1.000000 rmse -1.000000 auc -1.000000
[Epoch 262] time 1.34s (avg 1.48s, total 6.5min) | train_loss 0.475731 | val acc -1.000000 rmse -1.000000 auc -1.000000
[Epoch 263] time 1.34s (avg 1.48s, total 6.5min) | train_loss 0.473475 | val acc -1.000000 rmse -1.000000 auc -1.000000
[Epoch 264] time 1.36s (avg 1.48s, total 6.5min) | train_loss 0.466326 | val acc -1.000000 rmse -1.000000 auc -1.000000
[Epoch 265] time 1.34s (avg 1.48s, total 6.5min) | train_loss 0.461838 | val acc -1.000000 rmse -1.000000 auc -1.000000
[Epoch 266] time 1.33s (avg 1.48s, total 6.6min) | train_loss 0.459760 | val acc -1.000000 rmse -1.000000 auc -1.000000
[Epoch 267] time 1.35s (avg 1.48s, total 6.6min) | train_loss 0.459241 | val acc -1.000000 rmse -1.000000 auc -1.000000
[Epoch 268] time 1.32s (avg 1.48s, total 6.6min) | train_loss 0.452717 | val acc -1.000000 rmse -1.000000 auc -1.000000
[Epoch 269] time 1.32s (avg 1.48s, total 6.6min) | train_loss 0.451358 | val acc -1.000000 rmse -1.000000 auc -1.000000
[Epoch 270] time 1.33s (avg 1.48s, total 6.7min) | train_loss 0.446568 | val acc -1.000000 rmse -1.000000 auc -1.000000
[Epoch 271] time 1.31s (avg 1.48s, total 6.7min) | train_loss 0.442606 | val acc -1.000000 rmse -1.000000 auc -1.000000
[Epoch 272] time 1.33s (avg 1.48s, total 6.7min) | train_loss 0.437779 | val acc -1.000000 rmse -1.000000 auc -1.000000
[Epoch 273] time 1.34s (avg 1.48s, total 6.7min) | train_loss 0.434580 | val acc -1.000000 rmse -1.000000 auc -1.000000
[Epoch 274] time 1.33s (avg 1.48s, total 6.7min) | train_loss 0.430854 | val acc -1.000000 rmse -1.000000 auc -1.000000
[Epoch 275] time 1.34s (avg 1.48s, total 6.8min) | train_loss 0.423556 | val acc -1.000000 rmse -1.000000 auc -1.000000
[Epoch 276] time 1.34s (avg 1.48s, total 6.8min) | train_loss 0.425467 | val acc -1.000000 rmse -1.000000 auc -1.000000
[Epoch 277] time 1.36s (avg 1.48s, total 6.8min) | train_loss 0.418420 | val acc -1.000000 rmse -1.000000 auc -1.000000
[Epoch 278] time 1.34s (avg 1.48s, total 6.8min) | train_loss 0.418443 | val acc -1.000000 rmse -1.000000 auc -1.000000
[Epoch 279] time 1.31s (avg 1.47s, total 6.9min) | train_loss 0.414030 | val acc -1.000000 rmse -1.000000 auc -1.000000
[Epoch 280] time 1.36s (avg 1.47s, total 6.9min) | train_loss 0.411997 | val acc -1.000000 rmse -1.000000 auc -1.000000
[Epoch 281] time 1.32s (avg 1.47s, total 6.9min) | train_loss 0.403148 | val acc -1.000000 rmse -1.000000 auc -1.000000
[Epoch 282] time 1.34s (avg 1.47s, total 6.9min) | train_loss 0.402825 | val acc -1.000000 rmse -1.000000 auc -1.000000
[Epoch 283] time 1.39s (avg 1.47s, total 6.9min) | train_loss 0.397190 | val acc -1.000000 rmse -1.000000 auc -1.000000
[Epoch 284] time 1.40s (avg 1.47s, total 7.0min) | train_loss 0.395420 | val acc -1.000000 rmse -1.000000 auc -1.000000
[Epoch 285] time 1.43s (avg 1.47s, total 7.0min) | train_loss 0.394211 | val acc -1.000000 rmse -1.000000 auc -1.000000
[Epoch 286] time 1.45s (avg 1.47s, total 7.0min) | train_loss 0.390346 | val acc -1.000000 rmse -1.000000 auc -1.000000
[Epoch 287] time 1.37s (avg 1.47s, total 7.0min) | train_loss 0.384981 | val acc -1.000000 rmse -1.000000 auc -1.000000
[Epoch 288] time 1.36s (avg 1.47s, total 7.1min) | train_loss 0.385186 | val acc -1.000000 rmse -1.000000 auc -1.000000
[Epoch 289] time 1.35s (avg 1.47s, total 7.1min) | train_loss 0.379134 | val acc -1.000000 rmse -1.000000 auc -1.000000
[Epoch 290] time 1.33s (avg 1.47s, total 7.1min) | train_loss 0.378965 | val acc -1.000000 rmse -1.000000 auc -1.000000
[Epoch 291] time 1.33s (avg 1.47s, total 7.1min) | train_loss 0.372177 | val acc -1.000000 rmse -1.000000 auc -1.000000
[Epoch 292] time 1.34s (avg 1.47s, total 7.2min) | train_loss 0.371683 | val acc -1.000000 rmse -1.000000 auc -1.000000
[Epoch 293] time 1.34s (avg 1.47s, total 7.2min) | train_loss 0.370652 | val acc -1.000000 rmse -1.000000 auc -1.000000
[Epoch 294] time 1.35s (avg 1.47s, total 7.2min) | train_loss 0.365350 | val acc -1.000000 rmse -1.000000 auc -1.000000
[Epoch 295] time 1.34s (avg 1.47s, total 7.2min) | train_loss 0.363763 | val acc -1.000000 rmse -1.000000 auc -1.000000
[Epoch 296] time 1.33s (avg 1.47s, total 7.2min) | train_loss 0.360534 | val acc -1.000000 rmse -1.000000 auc -1.000000
[Epoch 297] time 1.39s (avg 1.47s, total 7.3min) | train_loss 0.359965 | val acc -1.000000 rmse -1.000000 auc -1.000000
[Epoch 298] time 1.33s (avg 1.47s, total 7.3min) | train_loss 0.356853 | val acc -1.000000 rmse -1.000000 auc -1.000000
[Epoch 299] time 1.33s (avg 1.47s, total 7.3min) | train_loss 0.352913 | val acc -1.000000 rmse -1.000000 auc -1.000000
[Epoch 300] time 1.31s (avg 1.47s, total 7.3min) | train_loss 0.349010 | val acc -1.000000 rmse -1.000000 auc -1.000000

Training Time Summary:
Total: 7.33 minutes
Mean per epoch: 1.47±0.18 seconds
summary written to experiments\run_20260913_160542\summary.txt
